{
  "clientId" : 1,
  "spentTotal" : 1,
  "isBig" : false
}
