{
"clientId" : 10002,
"spentTotal" : 1145220,
"isBig" : false
}