{
  "clientId" : 10102,
  "spentTotal" : 1146351,
  "isBig" : true
}